V3 4
FL //fs-caedm/tmadsen2/Courses/ECEN_320/HW/HW13/dcm/dcm.vhd 2015/04/13.12:52:02 P.20131013
EN work/dcm 1428951156 \
      FL //fs-caedm/tmadsen2/Courses/ECEN_320/HW/HW13/dcm/dcm.vhd \
      PB ieee/std_logic_1164 1381692176 LB unisim PH unisim/VCOMPONENTS 1381692182
AR work/dcm/Behavioral 1428951157 \
      FL //fs-caedm/tmadsen2/Courses/ECEN_320/HW/HW13/dcm/dcm.vhd EN work/dcm 1428951156
