V3 26
FL //fs-caedm/tmadsen2/Courses/ECEN_320/Lab10/lab10/charGen.vhd 2015/03/24.18:17:33 P.20131013
EN work/charGen 1427243243 \
      FL //fs-caedm/tmadsen2/Courses/ECEN_320/Lab10/lab10/charGen.vhd \
      PB ieee/std_logic_1164 1381692176
AR work/charGen/Behavioral 1427243244 \
      FL //fs-caedm/tmadsen2/Courses/ECEN_320/Lab10/lab10/charGen.vhd \
      EN work/charGen 1427243243 CP work/char_mem CP work/font_rom
FL //fs-caedm/tmadsen2/Courses/ECEN_320/Lab10/lab10/charGen_top.vhd 2015/03/24.18:27:07 P.20131013
EN work/charGen_top 1427243247 \
      FL //fs-caedm/tmadsen2/Courses/ECEN_320/Lab10/lab10/charGen_top.vhd \
      PB ieee/std_logic_1164 1381692176 PB ieee/NUMERIC_STD 1381692181
AR work/charGen_top/Behavioral 1427243248 \
      FL //fs-caedm/tmadsen2/Courses/ECEN_320/Lab10/lab10/charGen_top.vhd \
      EN work/charGen_top 1427243247 CP work/vga_timing CP work/charGen \
      CP work/seven_segment_control
FL //fs-caedm/tmadsen2/Courses/ECEN_320/Lab10/lab10/char_mem.vhd 2015/03/12.16:30:02 P.20131013
EN work/char_mem 1427243237 \
      FL //fs-caedm/tmadsen2/Courses/ECEN_320/Lab10/lab10/char_mem.vhd \
      PB ieee/std_logic_1164 1381692176 PB ieee/NUMERIC_STD 1381692181
AR work/char_mem/arch 1427243238 \
      FL //fs-caedm/tmadsen2/Courses/ECEN_320/Lab10/lab10/char_mem.vhd \
      EN work/char_mem 1427243237
FL //fs-caedm/tmadsen2/Courses/ECEN_320/Lab10/lab10/font_rom.vhd 2015/03/19.20:40:37 P.20131013
EN work/font_rom 1427243239 \
      FL //fs-caedm/tmadsen2/Courses/ECEN_320/Lab10/lab10/font_rom.vhd \
      PB ieee/std_logic_1164 1381692176 PB ieee/NUMERIC_STD 1381692181
AR work/font_rom/arch 1427243240 \
      FL //fs-caedm/tmadsen2/Courses/ECEN_320/Lab10/lab10/font_rom.vhd \
      EN work/font_rom 1427243239
FL //fs-caedm/tmadsen2/Courses/ECEN_320/Lab10/lab10/font_rom_ex.vhd 2015/03/19.20:41:08 P.20131013
EN work/font_rom_ex 1426819283 \
      FL //fs-caedm/tmadsen2/Courses/ECEN_320/Lab10/lab10/font_rom_ex.vhd \
      PB ieee/std_logic_1164 1381692176 PB ieee/NUMERIC_STD 1381692181
AR work/font_rom_ex/arch 1426819284 \
      FL //fs-caedm/tmadsen2/Courses/ECEN_320/Lab10/lab10/font_rom_ex.vhd \
      EN work/font_rom_ex 1426819283
FL //fs-caedm/tmadsen2/Courses/ECEN_320/Lab10/lab10/seven_segment_control.vhd 2015/01/29.19:30:01 P.20131013
EN work/seven_segment_control 1427243245 \
      FL //fs-caedm/tmadsen2/Courses/ECEN_320/Lab10/lab10/seven_segment_control.vhd \
      PB ieee/std_logic_1164 1381692176 PB ieee/NUMERIC_STD 1381692181
AR work/seven_segment_control/Behavioral 1427243246 \
      FL //fs-caedm/tmadsen2/Courses/ECEN_320/Lab10/lab10/seven_segment_control.vhd \
      EN work/seven_segment_control 1427243245
FL //fs-caedm/tmadsen2/Courses/ECEN_320/Lab10/lab10/vga_timing.vhd 2015/02/09.20:21:46 P.20131013
EN work/vga_timing 1427243241 \
      FL //fs-caedm/tmadsen2/Courses/ECEN_320/Lab10/lab10/vga_timing.vhd \
      PB ieee/std_logic_1164 1381692176 PB ieee/NUMERIC_STD 1381692181
AR work/vga_timing/Behavioral 1427243242 \
      FL //fs-caedm/tmadsen2/Courses/ECEN_320/Lab10/lab10/vga_timing.vhd \
      EN work/vga_timing 1427243241
