AR vga_top behavioral "//fs-caedm/tmadsen2/Courses/ECEN_320/Lab 6/Lab6/vga_top.vhd" sub00/vhpl03 1423783988
AR seven_segment_control behavioral "//fs-caedm/tmadsen2/Courses/ECEN_320/Lab 6/Lab6/seven_segment_control.vhd" sub00/vhpl05 1424290339
EN vga_object NULL "//fs-caedm/tmadsen2/Courses/ECEN_320/Lab 6/Lab6/vga_object.vhd" sub00/vhpl06 1424290340
AR vga_object behavioral "//fs-caedm/tmadsen2/Courses/ECEN_320/Lab 6/Lab6/vga_object.vhd" sub00/vhpl07 1424290341
AR vga_timing behavioral "//fs-caedm/tmadsen2/Courses/ECEN_320/Lab 6/Lab6/vga_timing.vhd" sub00/vhpl01 1424290337
EN vga_timing NULL "//fs-caedm/tmadsen2/Courses/ECEN_320/Lab 6/Lab6/vga_timing.vhd" sub00/vhpl00 1424290336
EN seven_segment_control NULL "//fs-caedm/tmadsen2/Courses/ECEN_320/Lab 6/Lab6/seven_segment_control.vhd" sub00/vhpl04 1424290338
EN vga_top NULL "//fs-caedm/tmadsen2/Courses/ECEN_320/Lab 6/Lab6/vga_top.vhd" sub00/vhpl02 1423783987
