MO COMB_ACE_MUSER_SEVEN_SEG_DECODER NULL SEVEN_SEG_DECODER.vf vlg27/_c_o_m_b___a_c_e___m_u_s_e_r___s_e_v_e_n___s_e_g___d_e_c_o_d_e_r.bin 1380932258
MO COMB_ACE NULL COMB_ACE.vf vlg71/_c_o_m_b___a_c_e.bin 1380932258
MO SEVEN_SEG_DECODER_MUSER_Test_bench NULL Test_bench.vf vlg35/_s_e_v_e_n___s_e_g___d_e_c_o_d_e_r___m_u_s_e_r___test__bench.bin 1380932259
MO ROM_BDFG_MUSER_Test_bench NULL Test_bench.vf vlg25/_r_o_m___b_d_f_g___m_u_s_e_r___test__bench.bin 1380932259
MO SEVEN_SEG_DECODER NULL SEVEN_SEG_DECODER.vf vlg64/_s_e_v_e_n___s_e_g___d_e_c_o_d_e_r.bin 1380932259
MO COMB_ACE_MUSER_Test_bench NULL Test_bench.vf vlg36/_c_o_m_b___a_c_e___m_u_s_e_r___test__bench.bin 1380932259
MO ROM_BDFG_MUSER_SEVEN_SEG_DECODER NULL SEVEN_SEG_DECODER.vf vlg2A/_r_o_m___b_d_f_g___m_u_s_e_r___s_e_v_e_n___s_e_g___d_e_c_o_d_e_r.bin 1380932258
MO Test_bench NULL Test_bench.vf vlg07/_test__bench.bin 1380932259
MO ROM_BDFG NULL ROM_BDFG.vf vlg14/_r_o_m___b_d_f_g.bin 1380932258
