Release 14.6 - xst P.68d (nt)
Copyright (c) 1995-2013 Xilinx, Inc.  All rights reserved.
--> Parameter TMPDIR set to xst/projnav.tmp


Total REAL time to Xst completion: 0.00 secs
Total CPU time to Xst completion: 0.31 secs
 
--> Parameter xsthdpdir set to xst


Total REAL time to Xst completion: 0.00 secs
Total CPU time to Xst completion: 0.32 secs
 
--> Reading design: prog_timer.prj

TABLE OF CONTENTS
  1) Synthesis Options Summary
  2) HDL Compilation
  3) Design Hierarchy Analysis
  4) HDL Analysis
  5) HDL Synthesis
     5.1) HDL Synthesis Report
  6) Advanced HDL Synthesis
     6.1) Advanced HDL Synthesis Report
  7) Low Level Synthesis
  8) Partition Report
  9) Final Report
	9.1) Device utilization summary
	9.2) Partition Resource Summary
	9.3) TIMING REPORT


=========================================================================
*                      Synthesis Options Summary                        *
=========================================================================
---- Source Parameters
Input File Name                    : "prog_timer.prj"
Input Format                       : mixed
Ignore Synthesis Constraint File   : NO

---- Target Parameters
Output File Name                   : "prog_timer"
Output Format                      : NGC
Target Device                      : xc3s500e-5-fg320

---- Source Options
Top Module Name                    : prog_timer
Automatic FSM Extraction           : YES
FSM Encoding Algorithm             : Auto
Safe Implementation                : No
FSM Style                          : LUT
RAM Extraction                     : Yes
RAM Style                          : Auto
ROM Extraction                     : Yes
Mux Style                          : Auto
Decoder Extraction                 : YES
Priority Encoder Extraction        : Yes
Shift Register Extraction          : YES
Logical Shifter Extraction         : YES
XOR Collapsing                     : YES
ROM Style                          : Auto
Mux Extraction                     : Yes
Resource Sharing                   : YES
Asynchronous To Synchronous        : NO
Multiplier Style                   : Auto
Automatic Register Balancing       : No

---- Target Options
Add IO Buffers                     : YES
Global Maximum Fanout              : 100000
Add Generic Clock Buffer(BUFG)     : 24
Register Duplication               : YES
Slice Packing                      : YES
Optimize Instantiated Primitives   : NO
Use Clock Enable                   : Yes
Use Synchronous Set                : Yes
Use Synchronous Reset              : Yes
Pack IO Registers into IOBs        : Auto
Equivalent register Removal        : YES

---- General Options
Optimization Goal                  : Speed
Optimization Effort                : 1
Keep Hierarchy                     : No
Netlist Hierarchy                  : As_Optimized
RTL Output                         : Yes
Global Optimization                : AllClockNets
Read Cores                         : YES
Write Timing Constraints           : NO
Cross Clock Analysis               : NO
Hierarchy Separator                : /
Bus Delimiter                      : <>
Case Specifier                     : Maintain
Slice Utilization Ratio            : 100
BRAM Utilization Ratio             : 100
Verilog 2001                       : YES
Auto BRAM Packing                  : NO
Slice Utilization Ratio Delta      : 5

=========================================================================


=========================================================================
*                          HDL Compilation                              *
=========================================================================
Compiling verilog file "prog_timer.v" in library work
Module <prog_timer> compiled
No errors in compilation
Analysis of file <"prog_timer.prj"> succeeded.
 

=========================================================================
*                     Design Hierarchy Analysis                         *
=========================================================================
Analyzing hierarchy for module <prog_timer> in library <work>.


=========================================================================
*                            HDL Analysis                               *
=========================================================================
Analyzing top module <prog_timer>.
Module <prog_timer> is correct for synthesis.
 

=========================================================================
*                           HDL Synthesis                               *
=========================================================================

Performing bidirectional port resolution...

Synthesizing Unit <prog_timer>.
    Related source file is "prog_timer.v".
    Found 24-bit down counter for signal <counter>.
    Found 1-bit register for signal <tp>.
    Found 1-bit register for signal <zero>.
    Found 24-bit subtractor for signal <counter$mux0000>.
    Summary:
	inferred   1 Counter(s).
	inferred   2 D-type flip-flop(s).
	inferred   1 Adder/Subtractor(s).
Unit <prog_timer> synthesized.

INFO:Xst:1767 - HDL ADVISOR - Resource sharing has identified that some arithmetic operations in this design can share the same physical resources for reduced device utilization. For improved clock frequency you may try to disable resource sharing.

=========================================================================
HDL Synthesis Report

Macro Statistics
# Adders/Subtractors                                   : 1
 24-bit subtractor                                     : 1
# Counters                                             : 1
 24-bit down counter                                   : 1
# Registers                                            : 2
 1-bit register                                        : 2

=========================================================================

=========================================================================
*                       Advanced HDL Synthesis                          *
=========================================================================


=========================================================================
Advanced HDL Synthesis Report

Macro Statistics
# Adders/Subtractors                                   : 1
 24-bit subtractor                                     : 1
# Counters                                             : 1
 24-bit down counter                                   : 1
# Registers                                            : 2
 Flip-Flops                                            : 2

=========================================================================

=========================================================================
*                         Low Level Synthesis                           *
=========================================================================

Optimizing unit <prog_timer> ...

Mapping all equations...
Building and optimizing final netlist ...
Found area constraint ratio of 100 (+ 5) on block prog_timer, actual ratio is 1.

Final Macro Processing ...

=========================================================================
Final Register Report

Macro Statistics
# Registers                                            : 26
 Flip-Flops                                            : 26

=========================================================================

=========================================================================
*                           Partition Report                            *
=========================================================================

Partition Implementation Status
-------------------------------

  No Partitions were found in this design.

-------------------------------

=========================================================================
*                            Final Report                               *
=========================================================================
Final Results
RTL Top Level Output File Name     : prog_timer.ngr
Top Level Output File Name         : prog_timer
Output Format                      : NGC
Optimization Goal                  : Speed
Keep Hierarchy                     : No

Design Statistics
# IOs                              : 53

Cell Usage :
# BELS                             : 231
#      GND                         : 1
#      INV                         : 48
#      LUT1                        : 2
#      LUT2                        : 48
#      LUT4                        : 30
#      MUXCY                       : 53
#      VCC                         : 1
#      XORCY                       : 48
# FlipFlops/Latches                : 26
#      FDCE                        : 2
#      FDCPE                       : 24
# Clock Buffers                    : 1
#      BUFGP                       : 1
# IO Buffers                       : 52
#      IBUF                        : 26
#      OBUF                        : 26
=========================================================================

Device utilization summary:
---------------------------

Selected Device : 3s500efg320-5 

 Number of Slices:                       70  out of   4656     1%  
 Number of Slice Flip Flops:             26  out of   9312     0%  
 Number of 4 input LUTs:                128  out of   9312     1%  
 Number of IOs:                          53
 Number of bonded IOBs:                  53  out of    232    22%  
 Number of GCLKs:                         1  out of     24     4%  

---------------------------
Partition Resource Summary:
---------------------------

  No Partitions were found in this design.

---------------------------


=========================================================================
TIMING REPORT

NOTE: THESE TIMING NUMBERS ARE ONLY A SYNTHESIS ESTIMATE.
      FOR ACCURATE TIMING INFORMATION PLEASE REFER TO THE TRACE REPORT
      GENERATED AFTER PLACE-and-ROUTE.

Clock Information:
------------------
-----------------------------------+------------------------+-------+
Clock Signal                       | Clock buffer(FF name)  | Load  |
-----------------------------------+------------------------+-------+
clk                                | BUFGP                  | 26    |
-----------------------------------+------------------------+-------+

Asynchronous Control Signals Information:
----------------------------------------
-------------------------------------------+------------------------+-------+
Control Signal                             | Buffer(FF name)        | Load  |
-------------------------------------------+------------------------+-------+
reset                                      | IBUF                   | 2     |
counter_0__and0000(counter_0__and00001:O)  | NONE(counter_0)        | 1     |
counter_0__and0001(counter_0__and00011:O)  | NONE(counter_0)        | 1     |
counter_10__and0000(counter_10__and00001:O)| NONE(counter_10)       | 1     |
counter_10__and0001(counter_10__and00011:O)| NONE(counter_10)       | 1     |
counter_11__and0000(counter_11__and00001:O)| NONE(counter_11)       | 1     |
counter_11__and0001(counter_11__and00011:O)| NONE(counter_11)       | 1     |
counter_12__and0000(counter_12__and00001:O)| NONE(counter_12)       | 1     |
counter_12__and0001(counter_12__and00011:O)| NONE(counter_12)       | 1     |
counter_13__and0000(counter_13__and00001:O)| NONE(counter_13)       | 1     |
counter_13__and0001(counter_13__and00011:O)| NONE(counter_13)       | 1     |
counter_14__and0000(counter_14__and00001:O)| NONE(counter_14)       | 1     |
counter_14__and0001(counter_14__and00011:O)| NONE(counter_14)       | 1     |
counter_15__and0000(counter_15__and00001:O)| NONE(counter_15)       | 1     |
counter_15__and0001(counter_15__and00011:O)| NONE(counter_15)       | 1     |
counter_16__and0000(counter_16__and00001:O)| NONE(counter_16)       | 1     |
counter_16__and0001(counter_16__and00011:O)| NONE(counter_16)       | 1     |
counter_17__and0000(counter_17__and00001:O)| NONE(counter_17)       | 1     |
counter_17__and0001(counter_17__and00011:O)| NONE(counter_17)       | 1     |
counter_18__and0000(counter_18__and00001:O)| NONE(counter_18)       | 1     |
counter_18__and0001(counter_18__and00011:O)| NONE(counter_18)       | 1     |
counter_19__and0000(counter_19__and00001:O)| NONE(counter_19)       | 1     |
counter_19__and0001(counter_19__and00011:O)| NONE(counter_19)       | 1     |
counter_1__and0000(counter_1__and00001:O)  | NONE(counter_1)        | 1     |
counter_1__and0001(counter_1__and00011:O)  | NONE(counter_1)        | 1     |
counter_20__and0000(counter_20__and00001:O)| NONE(counter_20)       | 1     |
counter_20__and0001(counter_20__and00011:O)| NONE(counter_20)       | 1     |
counter_21__and0000(counter_21__and00001:O)| NONE(counter_21)       | 1     |
counter_21__and0001(counter_21__and00011:O)| NONE(counter_21)       | 1     |
counter_22__and0000(counter_22__and00001:O)| NONE(counter_22)       | 1     |
counter_22__and0001(counter_22__and00011:O)| NONE(counter_22)       | 1     |
counter_23__and0000(counter_23__and00001:O)| NONE(counter_23)       | 1     |
counter_23__and0001(counter_23__and00011:O)| NONE(counter_23)       | 1     |
counter_2__and0000(counter_2__and00001:O)  | NONE(counter_2)        | 1     |
counter_2__and0001(counter_2__and00011:O)  | NONE(counter_2)        | 1     |
counter_3__and0000(counter_3__and00001:O)  | NONE(counter_3)        | 1     |
counter_3__and0001(counter_3__and00011:O)  | NONE(counter_3)        | 1     |
counter_4__and0000(counter_4__and00001:O)  | NONE(counter_4)        | 1     |
counter_4__and0001(counter_4__and00011:O)  | NONE(counter_4)        | 1     |
counter_5__and0000(counter_5__and00001:O)  | NONE(counter_5)        | 1     |
counter_5__and0001(counter_5__and00011:O)  | NONE(counter_5)        | 1     |
counter_6__and0000(counter_6__and00001:O)  | NONE(counter_6)        | 1     |
counter_6__and0001(counter_6__and00011:O)  | NONE(counter_6)        | 1     |
counter_7__and0000(counter_7__and00001:O)  | NONE(counter_7)        | 1     |
counter_7__and0001(counter_7__and00011:O)  | NONE(counter_7)        | 1     |
counter_8__and0000(counter_8__and00001:O)  | NONE(counter_8)        | 1     |
counter_8__and0001(counter_8__and00011:O)  | NONE(counter_8)        | 1     |
counter_9__and0000(counter_9__and00001:O)  | NONE(counter_9)        | 1     |
counter_9__and0001(counter_9__and00011:O)  | NONE(counter_9)        | 1     |
-------------------------------------------+------------------------+-------+

Timing Summary:
---------------
Speed Grade: -5

   Minimum period: 5.205ns (Maximum Frequency: 192.110MHz)
   Minimum input arrival time before clock: 5.863ns
   Maximum output required time after clock: 4.134ns
   Maximum combinational path delay: No path found

Timing Detail:
--------------
All values displayed in nanoseconds (ns)

=========================================================================
Timing constraint: Default period analysis for Clock 'clk'
  Clock period: 5.205ns (frequency: 192.110MHz)
  Total number of paths / destination ports: 925 / 27
-------------------------------------------------------------------------
Delay:               5.205ns (Levels of Logic = 26)
  Source:            counter_0 (FF)
  Destination:       counter_23 (FF)
  Source Clock:      clk rising
  Destination Clock: clk rising

  Data Path: counter_0 to counter_23
                                Gate     Net
    Cell:in->out      fanout   Delay   Delay  Logical Name (Net Name)
    ----------------------------------------  ------------
     FDCPE:C->Q            3   0.514   0.603  counter_0 (counter_0)
     LUT1:I0->O            1   0.612   0.000  counter_Msub__sub0000_cy<0>_rt (counter_Msub__sub0000_cy<0>_rt)
     MUXCY:S->O            1   0.404   0.000  counter_Msub__sub0000_cy<0> (counter_Msub__sub0000_cy<0>)
     MUXCY:CI->O           1   0.052   0.000  counter_Msub__sub0000_cy<1> (counter_Msub__sub0000_cy<1>)
     MUXCY:CI->O           1   0.052   0.000  counter_Msub__sub0000_cy<2> (counter_Msub__sub0000_cy<2>)
     MUXCY:CI->O           1   0.052   0.000  counter_Msub__sub0000_cy<3> (counter_Msub__sub0000_cy<3>)
     MUXCY:CI->O           1   0.052   0.000  counter_Msub__sub0000_cy<4> (counter_Msub__sub0000_cy<4>)
     MUXCY:CI->O           1   0.052   0.000  counter_Msub__sub0000_cy<5> (counter_Msub__sub0000_cy<5>)
     MUXCY:CI->O           1   0.052   0.000  counter_Msub__sub0000_cy<6> (counter_Msub__sub0000_cy<6>)
     MUXCY:CI->O           1   0.052   0.000  counter_Msub__sub0000_cy<7> (counter_Msub__sub0000_cy<7>)
     MUXCY:CI->O           1   0.052   0.000  counter_Msub__sub0000_cy<8> (counter_Msub__sub0000_cy<8>)
     MUXCY:CI->O           1   0.052   0.000  counter_Msub__sub0000_cy<9> (counter_Msub__sub0000_cy<9>)
     MUXCY:CI->O           1   0.052   0.000  counter_Msub__sub0000_cy<10> (counter_Msub__sub0000_cy<10>)
     MUXCY:CI->O           1   0.052   0.000  counter_Msub__sub0000_cy<11> (counter_Msub__sub0000_cy<11>)
     MUXCY:CI->O           1   0.052   0.000  counter_Msub__sub0000_cy<12> (counter_Msub__sub0000_cy<12>)
     MUXCY:CI->O           1   0.052   0.000  counter_Msub__sub0000_cy<13> (counter_Msub__sub0000_cy<13>)
     MUXCY:CI->O           1   0.052   0.000  counter_Msub__sub0000_cy<14> (counter_Msub__sub0000_cy<14>)
     MUXCY:CI->O           1   0.052   0.000  counter_Msub__sub0000_cy<15> (counter_Msub__sub0000_cy<15>)
     MUXCY:CI->O           1   0.052   0.000  counter_Msub__sub0000_cy<16> (counter_Msub__sub0000_cy<16>)
     MUXCY:CI->O           1   0.052   0.000  counter_Msub__sub0000_cy<17> (counter_Msub__sub0000_cy<17>)
     MUXCY:CI->O           1   0.052   0.000  counter_Msub__sub0000_cy<18> (counter_Msub__sub0000_cy<18>)
     MUXCY:CI->O           1   0.052   0.000  counter_Msub__sub0000_cy<19> (counter_Msub__sub0000_cy<19>)
     MUXCY:CI->O           1   0.052   0.000  counter_Msub__sub0000_cy<20> (counter_Msub__sub0000_cy<20>)
     MUXCY:CI->O           1   0.052   0.000  counter_Msub__sub0000_cy<21> (counter_Msub__sub0000_cy<21>)
     MUXCY:CI->O           0   0.051   0.000  counter_Msub__sub0000_cy<22> (counter_Msub__sub0000_cy<22>)
     XORCY:CI->O           1   0.699   0.360  counter_Msub__sub0000_xor<23> (counter__sub0000<23>)
     LUT4:I3->O            1   0.612   0.000  counter_Q_mux0000<23>1 (counter_Q_mux0000<23>)
     FDCPE:D                   0.268          counter_23
    ----------------------------------------
    Total                      5.205ns (4.242ns logic, 0.963ns route)
                                       (81.5% logic, 18.5% route)

=========================================================================
Timing constraint: Default OFFSET IN BEFORE for Clock 'clk'
  Total number of paths / destination ports: 375 / 51
-------------------------------------------------------------------------
Offset:              5.863ns (Levels of Logic = 27)
  Source:            load_number<0> (PAD)
  Destination:       counter_23 (FF)
  Destination Clock: clk rising

  Data Path: load_number<0> to counter_23
                                Gate     Net
    Cell:in->out      fanout   Delay   Delay  Logical Name (Net Name)
    ----------------------------------------  ------------
     IBUF:I->O             1   1.106   0.509  load_number_0_IBUF (load_number_0_IBUF)
     LUT1:I0->O            1   0.612   0.000  Msub_counter_mux0000_cy<0>_rt (Msub_counter_mux0000_cy<0>_rt)
     MUXCY:S->O            1   0.404   0.000  Msub_counter_mux0000_cy<0> (Msub_counter_mux0000_cy<0>)
     MUXCY:CI->O           1   0.052   0.000  Msub_counter_mux0000_cy<1> (Msub_counter_mux0000_cy<1>)
     MUXCY:CI->O           1   0.052   0.000  Msub_counter_mux0000_cy<2> (Msub_counter_mux0000_cy<2>)
     MUXCY:CI->O           1   0.052   0.000  Msub_counter_mux0000_cy<3> (Msub_counter_mux0000_cy<3>)
     MUXCY:CI->O           1   0.052   0.000  Msub_counter_mux0000_cy<4> (Msub_counter_mux0000_cy<4>)
     MUXCY:CI->O           1   0.052   0.000  Msub_counter_mux0000_cy<5> (Msub_counter_mux0000_cy<5>)
     MUXCY:CI->O           1   0.052   0.000  Msub_counter_mux0000_cy<6> (Msub_counter_mux0000_cy<6>)
     MUXCY:CI->O           1   0.052   0.000  Msub_counter_mux0000_cy<7> (Msub_counter_mux0000_cy<7>)
     MUXCY:CI->O           1   0.052   0.000  Msub_counter_mux0000_cy<8> (Msub_counter_mux0000_cy<8>)
     MUXCY:CI->O           1   0.052   0.000  Msub_counter_mux0000_cy<9> (Msub_counter_mux0000_cy<9>)
     MUXCY:CI->O           1   0.052   0.000  Msub_counter_mux0000_cy<10> (Msub_counter_mux0000_cy<10>)
     MUXCY:CI->O           1   0.052   0.000  Msub_counter_mux0000_cy<11> (Msub_counter_mux0000_cy<11>)
     MUXCY:CI->O           1   0.052   0.000  Msub_counter_mux0000_cy<12> (Msub_counter_mux0000_cy<12>)
     MUXCY:CI->O           1   0.052   0.000  Msub_counter_mux0000_cy<13> (Msub_counter_mux0000_cy<13>)
     MUXCY:CI->O           1   0.052   0.000  Msub_counter_mux0000_cy<14> (Msub_counter_mux0000_cy<14>)
     MUXCY:CI->O           1   0.052   0.000  Msub_counter_mux0000_cy<15> (Msub_counter_mux0000_cy<15>)
     MUXCY:CI->O           1   0.052   0.000  Msub_counter_mux0000_cy<16> (Msub_counter_mux0000_cy<16>)
     MUXCY:CI->O           1   0.052   0.000  Msub_counter_mux0000_cy<17> (Msub_counter_mux0000_cy<17>)
     MUXCY:CI->O           1   0.052   0.000  Msub_counter_mux0000_cy<18> (Msub_counter_mux0000_cy<18>)
     MUXCY:CI->O           1   0.052   0.000  Msub_counter_mux0000_cy<19> (Msub_counter_mux0000_cy<19>)
     MUXCY:CI->O           1   0.052   0.000  Msub_counter_mux0000_cy<20> (Msub_counter_mux0000_cy<20>)
     MUXCY:CI->O           1   0.052   0.000  Msub_counter_mux0000_cy<21> (Msub_counter_mux0000_cy<21>)
     MUXCY:CI->O           0   0.052   0.000  Msub_counter_mux0000_cy<22> (Msub_counter_mux0000_cy<22>)
     XORCY:CI->O           3   0.699   0.520  Msub_counter_mux0000_xor<23> (counter_mux0000<23>)
     LUT4:I1->O            1   0.612   0.000  counter_Q_mux0000<23>1 (counter_Q_mux0000<23>)
     FDCPE:D                   0.268          counter_23
    ----------------------------------------
    Total                      5.863ns (4.834ns logic, 1.029ns route)
                                       (82.4% logic, 17.6% route)

=========================================================================
Timing constraint: Default OFFSET OUT AFTER for Clock 'clk'
  Total number of paths / destination ports: 26 / 26
-------------------------------------------------------------------------
Offset:              4.134ns (Levels of Logic = 1)
  Source:            counter_23 (FF)
  Destination:       counter<23> (PAD)
  Source Clock:      clk rising

  Data Path: counter_23 to counter<23>
                                Gate     Net
    Cell:in->out      fanout   Delay   Delay  Logical Name (Net Name)
    ----------------------------------------  ------------
     FDCPE:C->Q            3   0.514   0.451  counter_23 (counter_23)
     OBUF:I->O                 3.169          counter_23_OBUF (counter<23>)
    ----------------------------------------
    Total                      4.134ns (3.683ns logic, 0.451ns route)
                                       (89.1% logic, 10.9% route)

=========================================================================


Total REAL time to Xst completion: 11.00 secs
Total CPU time to Xst completion: 10.50 secs
 
--> 

Total memory usage is 233524 kilobytes

Number of errors   :    0 (   0 filtered)
Number of warnings :    0 (   0 filtered)
Number of infos    :    1 (   0 filtered)

