AR sramcontroller_top behavioral "//fs-caedm/tmadsen2/Courses/ECEN_320/Lab 9/lab9/sramController_top.vhd" sub00/vhpl05 1426048780
AR seven_segment_control behavioral "//fs-caedm/tmadsen2/Courses/ECEN_320/Lab 9/lab9/seven_segment_control.vhd" sub00/vhpl03 1426048778
EN sramcontroller_top NULL "//fs-caedm/tmadsen2/Courses/ECEN_320/Lab 9/lab9/sramController_top.vhd" sub00/vhpl04 1426048779
EN seven_segment_control NULL "//fs-caedm/tmadsen2/Courses/ECEN_320/Lab 9/lab9/seven_segment_control.vhd" sub00/vhpl02 1426048777
AR sramcontroller behavioral "//fs-caedm/tmadsen2/Courses/ECEN_320/Lab 9/lab9/sramController.vhd" sub00/vhpl01 1426048776
EN sramcontroller NULL "//fs-caedm/tmadsen2/Courses/ECEN_320/Lab 9/lab9/sramController.vhd" sub00/vhpl00 1426048775
