EN vga_timing_exp NULL "//fs-caedm/tmadsen2/Courses/ECEN_320/Lab 5/Lab5/vga_timing_exp.vhd" sub00/vhpl04 1423537417
AR vga_top behavioral "//fs-caedm/tmadsen2/Courses/ECEN_320/Lab 5/Lab5/vga_top.vhd" sub00/vhpl03 1423681764
EN vga_timing NULL "//fs-caedm/tmadsen2/Courses/ECEN_320/Lab 5/Lab5/vga_timing.vhd" sub00/vhpl00 1423681761
AR vga_timing behavioral "//fs-caedm/tmadsen2/Courses/ECEN_320/Lab 5/Lab5/vga_timing.vhd" sub00/vhpl01 1423681762
AR vga_timing_exp behavioral "//fs-caedm/tmadsen2/Courses/ECEN_320/Lab 5/Lab5/vga_timing_exp.vhd" sub00/vhpl05 1423537418
EN vga_top NULL "//fs-caedm/tmadsen2/Courses/ECEN_320/Lab 5/Lab5/vga_top.vhd" sub00/vhpl02 1423681763
