EN seven_segment_top NULL "//fs-caedm/tmadsen2/Courses/ECEN_320/Lab 4/Lab4/seven_segment_top.vhd" sub00/vhpl02 1422582622
AR seven_segment_control behavioral "//fs-caedm/tmadsen2/Courses/ECEN_320/Lab 4/Lab4/seven_segment_control.vhd" sub00/vhpl01 1422582621
AR seven_segment_top behavioral "//fs-caedm/tmadsen2/Courses/ECEN_320/Lab 4/Lab4/seven_segment_top.vhd" sub00/vhpl03 1422582623
EN seven_segment_control NULL "//fs-caedm/tmadsen2/Courses/ECEN_320/Lab 4/Lab4/seven_segment_control.vhd" sub00/vhpl00 1422582620
