V3 7
FL "//fs-caedm/tmadsen2/Courses/ECEN_320/Lab 4/Lab4/seven_segment_control.vhd" 2015/01/29.18:30:01 P.20131013
EN work/seven_segment_control 1422582620 \
      FL "//fs-caedm/tmadsen2/Courses/ECEN_320/Lab 4/Lab4/seven_segment_control.vhd" \
      PB ieee/std_logic_1164 1381692176 PB ieee/NUMERIC_STD 1381692181
AR work/seven_segment_control/Behavioral 1422582621 \
      FL "//fs-caedm/tmadsen2/Courses/ECEN_320/Lab 4/Lab4/seven_segment_control.vhd" \
      EN work/seven_segment_control 1422582620
FL "//fs-caedm/tmadsen2/Courses/ECEN_320/Lab 4/Lab4/seven_segment_top.vhd" 2015/01/29.18:50:13 P.20131013
EN work/seven_segment_top 1422582622 \
      FL "//fs-caedm/tmadsen2/Courses/ECEN_320/Lab 4/Lab4/seven_segment_top.vhd" \
      PB ieee/std_logic_1164 1381692176 PB ieee/NUMERIC_STD 1381692181
AR work/seven_segment_top/Behavioral 1422582623 \
      FL "//fs-caedm/tmadsen2/Courses/ECEN_320/Lab 4/Lab4/seven_segment_top.vhd" \
      EN work/seven_segment_top 1422582622 CP seven_segment_control
