EN seven_seg_decode NULL //fs-caedm/tmadsen2/Courses/ECEN_320/Lab3/Lab3/seven_seg_decode.vhd sub00/vhpl00 1421971786
EN seven_seg_decode_exp NULL //fs-caedm/tmadsen2/Courses/ECEN_320/Lab3/Lab3/seven_seg_decode_exp.vhd sub00/vhpl02 1421973921
AR seven_seg_decode decoder //fs-caedm/tmadsen2/Courses/ECEN_320/Lab3/Lab3/seven_seg_decode.vhd sub00/vhpl01 1421971787
AR seven_seg_decode_exp decoder //fs-caedm/tmadsen2/Courses/ECEN_320/Lab3/Lab3/seven_seg_decode_exp.vhd sub00/vhpl03 1421973922
