V3 6
FL //fs-caedm/tmadsen2/Courses/ECEN_320/Lab3/Lab3/seven_seg_decode.vhd 2015/01/22.17:06:19 P.20131013
EN work/seven_seg_decode 1421971786 \
      FL //fs-caedm/tmadsen2/Courses/ECEN_320/Lab3/Lab3/seven_seg_decode.vhd \
      PB ieee/std_logic_1164 1381692176
AR work/seven_seg_decode/decoder 1421971787 \
      FL //fs-caedm/tmadsen2/Courses/ECEN_320/Lab3/Lab3/seven_seg_decode.vhd \
      EN work/seven_seg_decode 1421971786
FL //fs-caedm/tmadsen2/Courses/ECEN_320/Lab3/Lab3/seven_seg_decode_exp.vhd 2015/01/22.17:44:58 P.20131013
EN work/seven_seg_decode_exp 1421973921 \
      FL //fs-caedm/tmadsen2/Courses/ECEN_320/Lab3/Lab3/seven_seg_decode_exp.vhd \
      PB ieee/std_logic_1164 1381692176
AR work/seven_seg_decode_exp/decoder 1421973922 \
      FL //fs-caedm/tmadsen2/Courses/ECEN_320/Lab3/Lab3/seven_seg_decode_exp.vhd \
      EN work/seven_seg_decode_exp 1421973921
